<Invoice xmlns="urn:oasis:names:specification:ubl:schema:xsd:Invoice-2"><cbc:ID xmlns:cbc="urn:oasis:names:specification:ubl:schema:xsd:CommonBasicComponents-2">INV-1</cbc:ID><cbc:IssueDate xmlns:cbc="urn:oasis:names:specification:ubl:schema:xsd:CommonBasicComponents-2">2026-05-27</cbc:IssueDate><cbc:DocumentCurrencyCode xmlns:cbc="urn:oasis:names:specification:ubl:schema:xsd:CommonBasicComponents-2">EUR</cbc:DocumentCurrencyCode><cac:InvoiceLine xmlns:cac="urn:oasis:names:specification:ubl:schema:xsd:CommonAggregateComponents-2"><cbc:ID xmlns:cbc="urn:oasis:names:specification:ubl:schema:xsd:CommonBasicComponents-2">1</cbc:ID><cbc:LineExtensionAmount xmlns:cbc="urn:oasis:names:specification:ubl:schema:xsd:CommonBasicComponents-2" currencyID="EUR">100.00</cbc:LineExtensionAmount></cac:InvoiceLine></Invoice>